   Compiling libc v0.2.182
   Compiling num-traits v0.2.19
   Compiling gutoe-gpu v0.1.0 (/mnt/riffcastle/castle/garage/grand-2026/crates/gutoe-gpu)
   Compiling zerocopy v0.8.39
   Compiling num-complex v0.4.6
   Compiling getrandom v0.2.17
   Compiling rand_core v0.6.4
warning: gutoe-gpu@0.1.0: Compiling CUDA kernels for sm_89...
   Compiling ppv-lite86 v0.2.21
   Compiling rand_chacha v0.3.1
   Compiling rand v0.8.5
   Compiling gutoe-em v0.1.0 (/mnt/riffcastle/castle/garage/grand-2026/crates/gutoe-em)
    Finished `release` profile [optimized] target(s) in 6.39s
     Running unittests src/lib.rs (/tmp/gutoe-gpu-target-alphascan/release/deps/gutoe_gpu-76f81a78f0e179ad)

running 1 test

  GUTOE OBC α-scan (open BC, L/a₀≈16, n_jac∝L²) — backend: Cuda
       α   L_box     sites     E_total       −α²/2         C
       ─       ─         ─           ─           ─         ─
  α=0.30 → L_box=55 (166375 sites)…
    0.30      55    166375   -0.024788   -0.045000    0.5509
  α=0.20 → L_box=81 (531441 sites)…
    0.20      81    531441   -0.009600   -0.020000    0.4800
  α=0.10 → L_box=161 (4173281 sites)…
    0.10     161   4173281   -0.002170   -0.005000    0.4340
  α=0.07 → L_box=231 (12326391 sites)…
test tests::bohr_obc_scan has been running for over 60 seconds
    0.07     231  12326391   -0.001039   -0.002450    0.4243
  α=0.05 → L_box=321 (33076161 sites)…
    0.05     321  33076161   -0.000522   -0.001250    0.4172
test tests::bohr_obc_scan ... ok

test result: ok. 1 passed; 0 failed; 0 ignored; 0 measured; 6 filtered out; finished in 556.95s

   Doc-tests gutoe_gpu

running 0 tests

test result: ok. 0 passed; 0 failed; 0 ignored; 0 measured; 0 filtered out; finished in 0.00s

