Clay reproducibility bundle
timestamp_utc: 20260226T194113Z
root: /mnt/riffcastle/castle/garage/grand-2026

[1/2] Lean builds
>>> lake build Gutoe.YangMillsStructuralGap
⚠ [8016/8016] Replayed Gutoe.YangMillsStructuralGap
warning: Gutoe/YangMillsStructuralGap.lean:506:6: try 'simp' instead of 'simpa'

Note: This linter can be disabled with `set_option linter.unnecessarySimpa false`
Build completed successfully (8016 jobs).
>>> lake build Gutoe.YangMillsMassGap
⚠ [8016/8017] Replayed Gutoe.YangMillsStructuralGap
warning: Gutoe/YangMillsStructuralGap.lean:506:6: try 'simp' instead of 'simpa'

Note: This linter can be disabled with `set_option linter.unnecessarySimpa false`
Build completed successfully (8017 jobs).
>>> lake build Gutoe.YangMillsContinuumSurvival
⚠ [8016/8018] Replayed Gutoe.YangMillsStructuralGap
warning: Gutoe/YangMillsStructuralGap.lean:506:6: try 'simp' instead of 'simpa'

Note: This linter can be disabled with `set_option linter.unnecessarySimpa false`
Build completed successfully (8018 jobs).
>>> lake build Gutoe.HaarBridgeScaffold
⚠ [8017/8021] Replayed Gutoe.YangMillsStructuralGap
warning: Gutoe/YangMillsStructuralGap.lean:506:6: try 'simp' instead of 'simpa'

Note: This linter can be disabled with `set_option linter.unnecessarySimpa false`
⚠ [8020/8021] Replayed Gutoe.YangMillsWilsonBridge
warning: Gutoe/YangMillsWilsonBridge.lean:68:6: try 'simp' instead of 'simpa'

Note: This linter can be disabled with `set_option linter.unnecessarySimpa false`
warning: Gutoe/YangMillsWilsonBridge.lean:113:4: try 'simp' instead of 'simpa'

Note: This linter can be disabled with `set_option linter.unnecessarySimpa false`
warning: Gutoe/YangMillsWilsonBridge.lean:186:6: try 'simp' instead of 'simpa'

Note: This linter can be disabled with `set_option linter.unnecessarySimpa false`
warning: Gutoe/YangMillsWilsonBridge.lean:196:6: try 'simp' instead of 'simpa'

Note: This linter can be disabled with `set_option linter.unnecessarySimpa false`
warning: Gutoe/YangMillsWilsonBridge.lean:276:2: try 'simp' instead of 'simpa'

Note: This linter can be disabled with `set_option linter.unnecessarySimpa false`
warning: Gutoe/YangMillsWilsonBridge.lean:412:4: try 'simp' instead of 'simpa'

Note: This linter can be disabled with `set_option linter.unnecessarySimpa false`
warning: Gutoe/YangMillsWilsonBridge.lean:502:4: try 'simp' instead of 'simpa'

Note: This linter can be disabled with `set_option linter.unnecessarySimpa false`
⚠ [8021/8021] Replayed Gutoe.HaarBridgeScaffold
warning: Gutoe/HaarBridgeScaffold.lean:80:10: try 'simp' instead of 'simpa'

Note: This linter can be disabled with `set_option linter.unnecessarySimpa false`
Build completed successfully (8021 jobs).
>>> lake build Gutoe.HaarMeasureHooks
⚠ [8017/8022] Replayed Gutoe.YangMillsStructuralGap
warning: Gutoe/YangMillsStructuralGap.lean:506:6: try 'simp' instead of 'simpa'

Note: This linter can be disabled with `set_option linter.unnecessarySimpa false`
⚠ [8020/8022] Replayed Gutoe.YangMillsWilsonBridge
warning: Gutoe/YangMillsWilsonBridge.lean:68:6: try 'simp' instead of 'simpa'

Note: This linter can be disabled with `set_option linter.unnecessarySimpa false`
warning: Gutoe/YangMillsWilsonBridge.lean:113:4: try 'simp' instead of 'simpa'

Note: This linter can be disabled with `set_option linter.unnecessarySimpa false`
warning: Gutoe/YangMillsWilsonBridge.lean:186:6: try 'simp' instead of 'simpa'

Note: This linter can be disabled with `set_option linter.unnecessarySimpa false`
warning: Gutoe/YangMillsWilsonBridge.lean:196:6: try 'simp' instead of 'simpa'

Note: This linter can be disabled with `set_option linter.unnecessarySimpa false`
warning: Gutoe/YangMillsWilsonBridge.lean:276:2: try 'simp' instead of 'simpa'

Note: This linter can be disabled with `set_option linter.unnecessarySimpa false`
warning: Gutoe/YangMillsWilsonBridge.lean:412:4: try 'simp' instead of 'simpa'

Note: This linter can be disabled with `set_option linter.unnecessarySimpa false`
warning: Gutoe/YangMillsWilsonBridge.lean:502:4: try 'simp' instead of 'simpa'

Note: This linter can be disabled with `set_option linter.unnecessarySimpa false`
⚠ [8021/8022] Replayed Gutoe.HaarBridgeScaffold
warning: Gutoe/HaarBridgeScaffold.lean:80:10: try 'simp' instead of 'simpa'

Note: This linter can be disabled with `set_option linter.unnecessarySimpa false`
⚠ [8022/8022] Replayed Gutoe.HaarMeasureHooks
warning: Gutoe/HaarMeasureHooks.lean:42:0: automatically included section variable(s) unused in theorem `Gutoe.HaarMeasureHooks.haar_measure_is_haar`:
  [LocallyCompactSpace G]
  [T2Space G]
consider restructuring your `variable` declarations so that the variables are not in scope or explicitly omit them:
  omit [LocallyCompactSpace G] [T2Space G] in theorem ...

Note: This linter can be disabled with `set_option linter.unusedSectionVars false`
warning: Gutoe/HaarMeasureHooks.lean:47:0: automatically included section variable(s) unused in theorem `Gutoe.HaarMeasureHooks.canonical_haar_is_haar`:
  [T2Space G]
consider restructuring your `variable` declarations so that the variables are not in scope or explicitly omit them:
  omit [T2Space G] in theorem ...

Note: This linter can be disabled with `set_option linter.unusedSectionVars false`
warning: Gutoe/HaarMeasureHooks.lean:55:0: automatically included section variable(s) unused in theorem `Gutoe.HaarMeasureHooks.left_invariant_measure_eq_smul_canonical_haar`:
  [T2Space G]
consider restructuring your `variable` declarations so that the variables are not in scope or explicitly omit them:
  omit [T2Space G] in theorem ...

Note: This linter can be disabled with `set_option linter.unusedSectionVars false`
warning: Gutoe/HaarMeasureHooks.lean:88:0: automatically included section variable(s) unused in theorem `Gutoe.HaarMeasureHooks.quotient_measure_unique_from_preimage`:
  [TopologicalSpace G]
  [BorelSpace G]
  [IsTopologicalGroup G]
  [LocallyCompactSpace G]
  [PolishSpace G]
  [Γ.Normal]
  [Countable ↥Γ]
  [T2Space (G ⧸ Γ)]
  [SecondCountableTopology (G ⧸ Γ)]
consider restructuring your `variable` declarations so that the variables are not in scope or explicitly omit them:
  omit [TopologicalSpace
  G] [BorelSpace
  G] [IsTopologicalGroup
  G] [LocallyCompactSpace
  G] [PolishSpace G] [Γ.Normal] [Countable ↥Γ] [T2Space (G ⧸ Γ)] [SecondCountableTopology (G ⧸ Γ)] in theorem ...

Note: This linter can be disabled with `set_option linter.unusedSectionVars false`
warning: Gutoe/HaarMeasureHooks.lean:107:0: automatically included section variable(s) unused in theorem `Gutoe.HaarMeasureHooks.integral_unfolding_over_quotient`:
  [LocallyCompactSpace G]
  [Γ.Normal]
consider restructuring your `variable` declarations so that the variables are not in scope or explicitly omit them:
  omit [LocallyCompactSpace G] [Γ.Normal] in theorem ...

Note: This linter can be disabled with `set_option linter.unusedSectionVars false`
Build completed successfully (8022 jobs).
>>> lake build Gutoe.HaarExpectationDecomposition
⚠ [8017/8023] Replayed Gutoe.YangMillsStructuralGap
warning: Gutoe/YangMillsStructuralGap.lean:506:6: try 'simp' instead of 'simpa'

Note: This linter can be disabled with `set_option linter.unnecessarySimpa false`
⚠ [8020/8023] Replayed Gutoe.YangMillsWilsonBridge
warning: Gutoe/YangMillsWilsonBridge.lean:68:6: try 'simp' instead of 'simpa'

Note: This linter can be disabled with `set_option linter.unnecessarySimpa false`
warning: Gutoe/YangMillsWilsonBridge.lean:113:4: try 'simp' instead of 'simpa'

Note: This linter can be disabled with `set_option linter.unnecessarySimpa false`
warning: Gutoe/YangMillsWilsonBridge.lean:186:6: try 'simp' instead of 'simpa'

Note: This linter can be disabled with `set_option linter.unnecessarySimpa false`
warning: Gutoe/YangMillsWilsonBridge.lean:196:6: try 'simp' instead of 'simpa'

Note: This linter can be disabled with `set_option linter.unnecessarySimpa false`
warning: Gutoe/YangMillsWilsonBridge.lean:276:2: try 'simp' instead of 'simpa'

Note: This linter can be disabled with `set_option linter.unnecessarySimpa false`
warning: Gutoe/YangMillsWilsonBridge.lean:412:4: try 'simp' instead of 'simpa'

Note: This linter can be disabled with `set_option linter.unnecessarySimpa false`
warning: Gutoe/YangMillsWilsonBridge.lean:502:4: try 'simp' instead of 'simpa'

Note: This linter can be disabled with `set_option linter.unnecessarySimpa false`
⚠ [8021/8023] Replayed Gutoe.HaarBridgeScaffold
warning: Gutoe/HaarBridgeScaffold.lean:80:10: try 'simp' instead of 'simpa'

Note: This linter can be disabled with `set_option linter.unnecessarySimpa false`
⚠ [8022/8023] Replayed Gutoe.HaarMeasureHooks
warning: Gutoe/HaarMeasureHooks.lean:42:0: automatically included section variable(s) unused in theorem `Gutoe.HaarMeasureHooks.haar_measure_is_haar`:
  [LocallyCompactSpace G]
  [T2Space G]
consider restructuring your `variable` declarations so that the variables are not in scope or explicitly omit them:
  omit [LocallyCompactSpace G] [T2Space G] in theorem ...

Note: This linter can be disabled with `set_option linter.unusedSectionVars false`
warning: Gutoe/HaarMeasureHooks.lean:47:0: automatically included section variable(s) unused in theorem `Gutoe.HaarMeasureHooks.canonical_haar_is_haar`:
  [T2Space G]
consider restructuring your `variable` declarations so that the variables are not in scope or explicitly omit them:
  omit [T2Space G] in theorem ...

Note: This linter can be disabled with `set_option linter.unusedSectionVars false`
warning: Gutoe/HaarMeasureHooks.lean:55:0: automatically included section variable(s) unused in theorem `Gutoe.HaarMeasureHooks.left_invariant_measure_eq_smul_canonical_haar`:
  [T2Space G]
consider restructuring your `variable` declarations so that the variables are not in scope or explicitly omit them:
  omit [T2Space G] in theorem ...

Note: This linter can be disabled with `set_option linter.unusedSectionVars false`
warning: Gutoe/HaarMeasureHooks.lean:88:0: automatically included section variable(s) unused in theorem `Gutoe.HaarMeasureHooks.quotient_measure_unique_from_preimage`:
  [TopologicalSpace G]
  [BorelSpace G]
  [IsTopologicalGroup G]
  [LocallyCompactSpace G]
  [PolishSpace G]
  [Γ.Normal]
  [Countable ↥Γ]
  [T2Space (G ⧸ Γ)]
  [SecondCountableTopology (G ⧸ Γ)]
consider restructuring your `variable` declarations so that the variables are not in scope or explicitly omit them:
  omit [TopologicalSpace
  G] [BorelSpace
  G] [IsTopologicalGroup
  G] [LocallyCompactSpace
  G] [PolishSpace G] [Γ.Normal] [Countable ↥Γ] [T2Space (G ⧸ Γ)] [SecondCountableTopology (G ⧸ Γ)] in theorem ...

Note: This linter can be disabled with `set_option linter.unusedSectionVars false`
warning: Gutoe/HaarMeasureHooks.lean:107:0: automatically included section variable(s) unused in theorem `Gutoe.HaarMeasureHooks.integral_unfolding_over_quotient`:
  [LocallyCompactSpace G]
  [Γ.Normal]
consider restructuring your `variable` declarations so that the variables are not in scope or explicitly omit them:
  omit [LocallyCompactSpace G] [Γ.Normal] in theorem ...

Note: This linter can be disabled with `set_option linter.unusedSectionVars false`
Build completed successfully (8023 jobs).
>>> lake build Gutoe.HaarFiberCollapse
⚠ [8017/8024] Replayed Gutoe.YangMillsStructuralGap
warning: Gutoe/YangMillsStructuralGap.lean:506:6: try 'simp' instead of 'simpa'

Note: This linter can be disabled with `set_option linter.unnecessarySimpa false`
⚠ [8020/8024] Replayed Gutoe.YangMillsWilsonBridge
warning: Gutoe/YangMillsWilsonBridge.lean:68:6: try 'simp' instead of 'simpa'

Note: This linter can be disabled with `set_option linter.unnecessarySimpa false`
warning: Gutoe/YangMillsWilsonBridge.lean:113:4: try 'simp' instead of 'simpa'

Note: This linter can be disabled with `set_option linter.unnecessarySimpa false`
warning: Gutoe/YangMillsWilsonBridge.lean:186:6: try 'simp' instead of 'simpa'

Note: This linter can be disabled with `set_option linter.unnecessarySimpa false`
warning: Gutoe/YangMillsWilsonBridge.lean:196:6: try 'simp' instead of 'simpa'

Note: This linter can be disabled with `set_option linter.unnecessarySimpa false`
warning: Gutoe/YangMillsWilsonBridge.lean:276:2: try 'simp' instead of 'simpa'

Note: This linter can be disabled with `set_option linter.unnecessarySimpa false`
warning: Gutoe/YangMillsWilsonBridge.lean:412:4: try 'simp' instead of 'simpa'

Note: This linter can be disabled with `set_option linter.unnecessarySimpa false`
warning: Gutoe/YangMillsWilsonBridge.lean:502:4: try 'simp' instead of 'simpa'

Note: This linter can be disabled with `set_option linter.unnecessarySimpa false`
⚠ [8021/8024] Replayed Gutoe.HaarBridgeScaffold
warning: Gutoe/HaarBridgeScaffold.lean:80:10: try 'simp' instead of 'simpa'

Note: This linter can be disabled with `set_option linter.unnecessarySimpa false`
⚠ [8022/8024] Replayed Gutoe.HaarMeasureHooks
warning: Gutoe/HaarMeasureHooks.lean:42:0: automatically included section variable(s) unused in theorem `Gutoe.HaarMeasureHooks.haar_measure_is_haar`:
  [LocallyCompactSpace G]
  [T2Space G]
consider restructuring your `variable` declarations so that the variables are not in scope or explicitly omit them:
  omit [LocallyCompactSpace G] [T2Space G] in theorem ...

Note: This linter can be disabled with `set_option linter.unusedSectionVars false`
warning: Gutoe/HaarMeasureHooks.lean:47:0: automatically included section variable(s) unused in theorem `Gutoe.HaarMeasureHooks.canonical_haar_is_haar`:
  [T2Space G]
consider restructuring your `variable` declarations so that the variables are not in scope or explicitly omit them:
  omit [T2Space G] in theorem ...

Note: This linter can be disabled with `set_option linter.unusedSectionVars false`
warning: Gutoe/HaarMeasureHooks.lean:55:0: automatically included section variable(s) unused in theorem `Gutoe.HaarMeasureHooks.left_invariant_measure_eq_smul_canonical_haar`:
  [T2Space G]
consider restructuring your `variable` declarations so that the variables are not in scope or explicitly omit them:
  omit [T2Space G] in theorem ...

Note: This linter can be disabled with `set_option linter.unusedSectionVars false`
warning: Gutoe/HaarMeasureHooks.lean:88:0: automatically included section variable(s) unused in theorem `Gutoe.HaarMeasureHooks.quotient_measure_unique_from_preimage`:
  [TopologicalSpace G]
  [BorelSpace G]
  [IsTopologicalGroup G]
  [LocallyCompactSpace G]
  [PolishSpace G]
  [Γ.Normal]
  [Countable ↥Γ]
  [T2Space (G ⧸ Γ)]
  [SecondCountableTopology (G ⧸ Γ)]
consider restructuring your `variable` declarations so that the variables are not in scope or explicitly omit them:
  omit [TopologicalSpace
  G] [BorelSpace
  G] [IsTopologicalGroup
  G] [LocallyCompactSpace
  G] [PolishSpace G] [Γ.Normal] [Countable ↥Γ] [T2Space (G ⧸ Γ)] [SecondCountableTopology (G ⧸ Γ)] in theorem ...

Note: This linter can be disabled with `set_option linter.unusedSectionVars false`
warning: Gutoe/HaarMeasureHooks.lean:107:0: automatically included section variable(s) unused in theorem `Gutoe.HaarMeasureHooks.integral_unfolding_over_quotient`:
  [LocallyCompactSpace G]
  [Γ.Normal]
consider restructuring your `variable` declarations so that the variables are not in scope or explicitly omit them:
  omit [LocallyCompactSpace G] [Γ.Normal] in theorem ...

Note: This linter can be disabled with `set_option linter.unusedSectionVars false`
⚠ [8024/8024] Replayed Gutoe.HaarFiberCollapse
warning: Gutoe/HaarFiberCollapse.lean:179:10: try 'simp' instead of 'simpa'

Note: This linter can be disabled with `set_option linter.unnecessarySimpa false`
Build completed successfully (8024 jobs).
>>> lake build Gutoe.YangMillsWilsonBridge
⚠ [8016/8020] Replayed Gutoe.YangMillsStructuralGap
warning: Gutoe/YangMillsStructuralGap.lean:506:6: try 'simp' instead of 'simpa'

Note: This linter can be disabled with `set_option linter.unnecessarySimpa false`
⚠ [8020/8020] Replayed Gutoe.YangMillsWilsonBridge
warning: Gutoe/YangMillsWilsonBridge.lean:68:6: try 'simp' instead of 'simpa'

Note: This linter can be disabled with `set_option linter.unnecessarySimpa false`
warning: Gutoe/YangMillsWilsonBridge.lean:113:4: try 'simp' instead of 'simpa'

Note: This linter can be disabled with `set_option linter.unnecessarySimpa false`
warning: Gutoe/YangMillsWilsonBridge.lean:186:6: try 'simp' instead of 'simpa'

Note: This linter can be disabled with `set_option linter.unnecessarySimpa false`
warning: Gutoe/YangMillsWilsonBridge.lean:196:6: try 'simp' instead of 'simpa'

Note: This linter can be disabled with `set_option linter.unnecessarySimpa false`
warning: Gutoe/YangMillsWilsonBridge.lean:276:2: try 'simp' instead of 'simpa'

Note: This linter can be disabled with `set_option linter.unnecessarySimpa false`
warning: Gutoe/YangMillsWilsonBridge.lean:412:4: try 'simp' instead of 'simpa'

Note: This linter can be disabled with `set_option linter.unnecessarySimpa false`
warning: Gutoe/YangMillsWilsonBridge.lean:502:4: try 'simp' instead of 'simpa'

Note: This linter can be disabled with `set_option linter.unnecessarySimpa false`
Build completed successfully (8020 jobs).
>>> lake build Gutoe.YangMillsWilsonEquivalence
⚠ [8016/8025] Replayed Gutoe.YangMillsStructuralGap
warning: Gutoe/YangMillsStructuralGap.lean:506:6: try 'simp' instead of 'simpa'

Note: This linter can be disabled with `set_option linter.unnecessarySimpa false`
⚠ [8020/8025] Replayed Gutoe.YangMillsWilsonBridge
warning: Gutoe/YangMillsWilsonBridge.lean:68:6: try 'simp' instead of 'simpa'

Note: This linter can be disabled with `set_option linter.unnecessarySimpa false`
warning: Gutoe/YangMillsWilsonBridge.lean:113:4: try 'simp' instead of 'simpa'

Note: This linter can be disabled with `set_option linter.unnecessarySimpa false`
warning: Gutoe/YangMillsWilsonBridge.lean:186:6: try 'simp' instead of 'simpa'

Note: This linter can be disabled with `set_option linter.unnecessarySimpa false`
warning: Gutoe/YangMillsWilsonBridge.lean:196:6: try 'simp' instead of 'simpa'

Note: This linter can be disabled with `set_option linter.unnecessarySimpa false`
warning: Gutoe/YangMillsWilsonBridge.lean:276:2: try 'simp' instead of 'simpa'

Note: This linter can be disabled with `set_option linter.unnecessarySimpa false`
warning: Gutoe/YangMillsWilsonBridge.lean:412:4: try 'simp' instead of 'simpa'

Note: This linter can be disabled with `set_option linter.unnecessarySimpa false`
warning: Gutoe/YangMillsWilsonBridge.lean:502:4: try 'simp' instead of 'simpa'

Note: This linter can be disabled with `set_option linter.unnecessarySimpa false`
⚠ [8021/8025] Replayed Gutoe.HaarBridgeScaffold
warning: Gutoe/HaarBridgeScaffold.lean:80:10: try 'simp' instead of 'simpa'

Note: This linter can be disabled with `set_option linter.unnecessarySimpa false`
⚠ [8022/8025] Replayed Gutoe.HaarMeasureHooks
warning: Gutoe/HaarMeasureHooks.lean:42:0: automatically included section variable(s) unused in theorem `Gutoe.HaarMeasureHooks.haar_measure_is_haar`:
  [LocallyCompactSpace G]
  [T2Space G]
consider restructuring your `variable` declarations so that the variables are not in scope or explicitly omit them:
  omit [LocallyCompactSpace G] [T2Space G] in theorem ...

Note: This linter can be disabled with `set_option linter.unusedSectionVars false`
warning: Gutoe/HaarMeasureHooks.lean:47:0: automatically included section variable(s) unused in theorem `Gutoe.HaarMeasureHooks.canonical_haar_is_haar`:
  [T2Space G]
consider restructuring your `variable` declarations so that the variables are not in scope or explicitly omit them:
  omit [T2Space G] in theorem ...

Note: This linter can be disabled with `set_option linter.unusedSectionVars false`
warning: Gutoe/HaarMeasureHooks.lean:55:0: automatically included section variable(s) unused in theorem `Gutoe.HaarMeasureHooks.left_invariant_measure_eq_smul_canonical_haar`:
  [T2Space G]
consider restructuring your `variable` declarations so that the variables are not in scope or explicitly omit them:
  omit [T2Space G] in theorem ...

Note: This linter can be disabled with `set_option linter.unusedSectionVars false`
warning: Gutoe/HaarMeasureHooks.lean:88:0: automatically included section variable(s) unused in theorem `Gutoe.HaarMeasureHooks.quotient_measure_unique_from_preimage`:
  [TopologicalSpace G]
  [BorelSpace G]
  [IsTopologicalGroup G]
  [LocallyCompactSpace G]
  [PolishSpace G]
  [Γ.Normal]
  [Countable ↥Γ]
  [T2Space (G ⧸ Γ)]
  [SecondCountableTopology (G ⧸ Γ)]
consider restructuring your `variable` declarations so that the variables are not in scope or explicitly omit them:
  omit [TopologicalSpace
  G] [BorelSpace
  G] [IsTopologicalGroup
  G] [LocallyCompactSpace
  G] [PolishSpace G] [Γ.Normal] [Countable ↥Γ] [T2Space (G ⧸ Γ)] [SecondCountableTopology (G ⧸ Γ)] in theorem ...

Note: This linter can be disabled with `set_option linter.unusedSectionVars false`
warning: Gutoe/HaarMeasureHooks.lean:107:0: automatically included section variable(s) unused in theorem `Gutoe.HaarMeasureHooks.integral_unfolding_over_quotient`:
  [LocallyCompactSpace G]
  [Γ.Normal]
consider restructuring your `variable` declarations so that the variables are not in scope or explicitly omit them:
  omit [LocallyCompactSpace G] [Γ.Normal] in theorem ...

Note: This linter can be disabled with `set_option linter.unusedSectionVars false`
⚠ [8024/8025] Replayed Gutoe.HaarFiberCollapse
warning: Gutoe/HaarFiberCollapse.lean:179:10: try 'simp' instead of 'simpa'

Note: This linter can be disabled with `set_option linter.unnecessarySimpa false`
Build completed successfully (8025 jobs).
>>> lake build Gutoe.YangMillsFullStateLift
⚠ [8016/8021] Replayed Gutoe.YangMillsStructuralGap
warning: Gutoe/YangMillsStructuralGap.lean:506:6: try 'simp' instead of 'simpa'

Note: This linter can be disabled with `set_option linter.unnecessarySimpa false`
⚠ [8020/8021] Replayed Gutoe.YangMillsWilsonBridge
warning: Gutoe/YangMillsWilsonBridge.lean:68:6: try 'simp' instead of 'simpa'

Note: This linter can be disabled with `set_option linter.unnecessarySimpa false`
warning: Gutoe/YangMillsWilsonBridge.lean:113:4: try 'simp' instead of 'simpa'

Note: This linter can be disabled with `set_option linter.unnecessarySimpa false`
warning: Gutoe/YangMillsWilsonBridge.lean:186:6: try 'simp' instead of 'simpa'

Note: This linter can be disabled with `set_option linter.unnecessarySimpa false`
warning: Gutoe/YangMillsWilsonBridge.lean:196:6: try 'simp' instead of 'simpa'

Note: This linter can be disabled with `set_option linter.unnecessarySimpa false`
warning: Gutoe/YangMillsWilsonBridge.lean:276:2: try 'simp' instead of 'simpa'

Note: This linter can be disabled with `set_option linter.unnecessarySimpa false`
warning: Gutoe/YangMillsWilsonBridge.lean:412:4: try 'simp' instead of 'simpa'

Note: This linter can be disabled with `set_option linter.unnecessarySimpa false`
warning: Gutoe/YangMillsWilsonBridge.lean:502:4: try 'simp' instead of 'simpa'

Note: This linter can be disabled with `set_option linter.unnecessarySimpa false`
⚠ [8021/8021] Replayed Gutoe.YangMillsFullStateLift
warning: Gutoe/YangMillsFullStateLift.lean:84:0: automatically included section variable(s) unused in theorem `Gutoe.YangMillsFullStateLift.liftDiagonalOperator_diag`:
  [Fintype F]
consider restructuring your `variable` declarations so that the variables are not in scope or explicitly omit them:
  omit [Fintype F] in theorem ...

Note: This linter can be disabled with `set_option linter.unusedSectionVars false`
warning: Gutoe/YangMillsFullStateLift.lean:90:0: automatically included section variable(s) unused in theorem `Gutoe.YangMillsFullStateLift.liftDiagonalOperator_offdiag`:
  [Fintype F]
consider restructuring your `variable` declarations so that the variables are not in scope or explicitly omit them:
  omit [Fintype F] in theorem ...

Note: This linter can be disabled with `set_option linter.unusedSectionVars false`
warning: Gutoe/YangMillsFullStateLift.lean:100:2: try 'simp' instead of 'simpa'

Note: This linter can be disabled with `set_option linter.unnecessarySimpa false`
warning: Gutoe/YangMillsFullStateLift.lean:96:0: automatically included section variable(s) unused in theorem `Gutoe.YangMillsFullStateLift.liftObservable_fiber_constant`:
  [Fintype F]
  [DecidableEq F]
consider restructuring your `variable` declarations so that the variables are not in scope or explicitly omit them:
  omit [Fintype F] [DecidableEq F] in theorem ...

Note: This linter can be disabled with `set_option linter.unusedSectionVars false`
warning: Gutoe/YangMillsFullStateLift.lean:143:52: try 'simp' instead of 'simpa'

Note: This linter can be disabled with `set_option linter.unnecessarySimpa false`
warning: Gutoe/YangMillsFullStateLift.lean:178:52: try 'simp' instead of 'simpa'

Note: This linter can be disabled with `set_option linter.unnecessarySimpa false`
warning: Gutoe/YangMillsFullStateLift.lean:640:47: try 'simp' instead of 'simpa'

Note: This linter can be disabled with `set_option linter.unnecessarySimpa false`
warning: Gutoe/YangMillsFullStateLift.lean:759:49: try 'simp' instead of 'simpa'

Note: This linter can be disabled with `set_option linter.unnecessarySimpa false`
Build completed successfully (8021 jobs).
>>> lake build Gutoe.YangMillsConstructiveQFT
⚠ [8016/8026] Replayed Gutoe.YangMillsStructuralGap
warning: Gutoe/YangMillsStructuralGap.lean:506:6: try 'simp' instead of 'simpa'

Note: This linter can be disabled with `set_option linter.unnecessarySimpa false`
⚠ [8020/8026] Replayed Gutoe.YangMillsWilsonBridge
warning: Gutoe/YangMillsWilsonBridge.lean:68:6: try 'simp' instead of 'simpa'

Note: This linter can be disabled with `set_option linter.unnecessarySimpa false`
warning: Gutoe/YangMillsWilsonBridge.lean:113:4: try 'simp' instead of 'simpa'

Note: This linter can be disabled with `set_option linter.unnecessarySimpa false`
warning: Gutoe/YangMillsWilsonBridge.lean:186:6: try 'simp' instead of 'simpa'

Note: This linter can be disabled with `set_option linter.unnecessarySimpa false`
warning: Gutoe/YangMillsWilsonBridge.lean:196:6: try 'simp' instead of 'simpa'

Note: This linter can be disabled with `set_option linter.unnecessarySimpa false`
warning: Gutoe/YangMillsWilsonBridge.lean:276:2: try 'simp' instead of 'simpa'

Note: This linter can be disabled with `set_option linter.unnecessarySimpa false`
warning: Gutoe/YangMillsWilsonBridge.lean:412:4: try 'simp' instead of 'simpa'

Note: This linter can be disabled with `set_option linter.unnecessarySimpa false`
warning: Gutoe/YangMillsWilsonBridge.lean:502:4: try 'simp' instead of 'simpa'

Note: This linter can be disabled with `set_option linter.unnecessarySimpa false`
⚠ [8021/8026] Replayed Gutoe.HaarBridgeScaffold
warning: Gutoe/HaarBridgeScaffold.lean:80:10: try 'simp' instead of 'simpa'

Note: This linter can be disabled with `set_option linter.unnecessarySimpa false`
⚠ [8022/8026] Replayed Gutoe.HaarMeasureHooks
warning: Gutoe/HaarMeasureHooks.lean:42:0: automatically included section variable(s) unused in theorem `Gutoe.HaarMeasureHooks.haar_measure_is_haar`:
  [LocallyCompactSpace G]
  [T2Space G]
consider restructuring your `variable` declarations so that the variables are not in scope or explicitly omit them:
  omit [LocallyCompactSpace G] [T2Space G] in theorem ...

Note: This linter can be disabled with `set_option linter.unusedSectionVars false`
warning: Gutoe/HaarMeasureHooks.lean:47:0: automatically included section variable(s) unused in theorem `Gutoe.HaarMeasureHooks.canonical_haar_is_haar`:
  [T2Space G]
consider restructuring your `variable` declarations so that the variables are not in scope or explicitly omit them:
  omit [T2Space G] in theorem ...

Note: This linter can be disabled with `set_option linter.unusedSectionVars false`
warning: Gutoe/HaarMeasureHooks.lean:55:0: automatically included section variable(s) unused in theorem `Gutoe.HaarMeasureHooks.left_invariant_measure_eq_smul_canonical_haar`:
  [T2Space G]
consider restructuring your `variable` declarations so that the variables are not in scope or explicitly omit them:
  omit [T2Space G] in theorem ...

Note: This linter can be disabled with `set_option linter.unusedSectionVars false`
warning: Gutoe/HaarMeasureHooks.lean:88:0: automatically included section variable(s) unused in theorem `Gutoe.HaarMeasureHooks.quotient_measure_unique_from_preimage`:
  [TopologicalSpace G]
  [BorelSpace G]
  [IsTopologicalGroup G]
  [LocallyCompactSpace G]
  [PolishSpace G]
  [Γ.Normal]
  [Countable ↥Γ]
  [T2Space (G ⧸ Γ)]
  [SecondCountableTopology (G ⧸ Γ)]
consider restructuring your `variable` declarations so that the variables are not in scope or explicitly omit them:
  omit [TopologicalSpace
  G] [BorelSpace
  G] [IsTopologicalGroup
  G] [LocallyCompactSpace
  G] [PolishSpace G] [Γ.Normal] [Countable ↥Γ] [T2Space (G ⧸ Γ)] [SecondCountableTopology (G ⧸ Γ)] in theorem ...

Note: This linter can be disabled with `set_option linter.unusedSectionVars false`
warning: Gutoe/HaarMeasureHooks.lean:107:0: automatically included section variable(s) unused in theorem `Gutoe.HaarMeasureHooks.integral_unfolding_over_quotient`:
  [LocallyCompactSpace G]
  [Γ.Normal]
consider restructuring your `variable` declarations so that the variables are not in scope or explicitly omit them:
  omit [LocallyCompactSpace G] [Γ.Normal] in theorem ...

Note: This linter can be disabled with `set_option linter.unusedSectionVars false`
⚠ [8024/8026] Replayed Gutoe.HaarFiberCollapse
warning: Gutoe/HaarFiberCollapse.lean:179:10: try 'simp' instead of 'simpa'

Note: This linter can be disabled with `set_option linter.unnecessarySimpa false`
Build completed successfully (8026 jobs).
>>> lake build Gutoe.YangMillsGaugeScope
⚠ [8017/8025] Replayed Gutoe.YangMillsStructuralGap
warning: Gutoe/YangMillsStructuralGap.lean:506:6: try 'simp' instead of 'simpa'

Note: This linter can be disabled with `set_option linter.unnecessarySimpa false`
⚠ [8020/8025] Replayed Gutoe.YangMillsWilsonBridge
warning: Gutoe/YangMillsWilsonBridge.lean:68:6: try 'simp' instead of 'simpa'

Note: This linter can be disabled with `set_option linter.unnecessarySimpa false`
warning: Gutoe/YangMillsWilsonBridge.lean:113:4: try 'simp' instead of 'simpa'

Note: This linter can be disabled with `set_option linter.unnecessarySimpa false`
warning: Gutoe/YangMillsWilsonBridge.lean:186:6: try 'simp' instead of 'simpa'

Note: This linter can be disabled with `set_option linter.unnecessarySimpa false`
warning: Gutoe/YangMillsWilsonBridge.lean:196:6: try 'simp' instead of 'simpa'

Note: This linter can be disabled with `set_option linter.unnecessarySimpa false`
warning: Gutoe/YangMillsWilsonBridge.lean:276:2: try 'simp' instead of 'simpa'

Note: This linter can be disabled with `set_option linter.unnecessarySimpa false`
warning: Gutoe/YangMillsWilsonBridge.lean:412:4: try 'simp' instead of 'simpa'

Note: This linter can be disabled with `set_option linter.unnecessarySimpa false`
warning: Gutoe/YangMillsWilsonBridge.lean:502:4: try 'simp' instead of 'simpa'

Note: This linter can be disabled with `set_option linter.unnecessarySimpa false`
⚠ [8021/8025] Replayed Gutoe.HaarBridgeScaffold
warning: Gutoe/HaarBridgeScaffold.lean:80:10: try 'simp' instead of 'simpa'

Note: This linter can be disabled with `set_option linter.unnecessarySimpa false`
⚠ [8022/8025] Replayed Gutoe.HaarMeasureHooks
warning: Gutoe/HaarMeasureHooks.lean:42:0: automatically included section variable(s) unused in theorem `Gutoe.HaarMeasureHooks.haar_measure_is_haar`:
  [LocallyCompactSpace G]
  [T2Space G]
consider restructuring your `variable` declarations so that the variables are not in scope or explicitly omit them:
  omit [LocallyCompactSpace G] [T2Space G] in theorem ...

Note: This linter can be disabled with `set_option linter.unusedSectionVars false`
warning: Gutoe/HaarMeasureHooks.lean:47:0: automatically included section variable(s) unused in theorem `Gutoe.HaarMeasureHooks.canonical_haar_is_haar`:
  [T2Space G]
consider restructuring your `variable` declarations so that the variables are not in scope or explicitly omit them:
  omit [T2Space G] in theorem ...

Note: This linter can be disabled with `set_option linter.unusedSectionVars false`
warning: Gutoe/HaarMeasureHooks.lean:55:0: automatically included section variable(s) unused in theorem `Gutoe.HaarMeasureHooks.left_invariant_measure_eq_smul_canonical_haar`:
  [T2Space G]
consider restructuring your `variable` declarations so that the variables are not in scope or explicitly omit them:
  omit [T2Space G] in theorem ...

Note: This linter can be disabled with `set_option linter.unusedSectionVars false`
warning: Gutoe/HaarMeasureHooks.lean:88:0: automatically included section variable(s) unused in theorem `Gutoe.HaarMeasureHooks.quotient_measure_unique_from_preimage`:
  [TopologicalSpace G]
  [BorelSpace G]
  [IsTopologicalGroup G]
  [LocallyCompactSpace G]
  [PolishSpace G]
  [Γ.Normal]
  [Countable ↥Γ]
  [T2Space (G ⧸ Γ)]
  [SecondCountableTopology (G ⧸ Γ)]
consider restructuring your `variable` declarations so that the variables are not in scope or explicitly omit them:
  omit [TopologicalSpace
  G] [BorelSpace
  G] [IsTopologicalGroup
  G] [LocallyCompactSpace
  G] [PolishSpace G] [Γ.Normal] [Countable ↥Γ] [T2Space (G ⧸ Γ)] [SecondCountableTopology (G ⧸ Γ)] in theorem ...

Note: This linter can be disabled with `set_option linter.unusedSectionVars false`
warning: Gutoe/HaarMeasureHooks.lean:107:0: automatically included section variable(s) unused in theorem `Gutoe.HaarMeasureHooks.integral_unfolding_over_quotient`:
  [LocallyCompactSpace G]
  [Γ.Normal]
consider restructuring your `variable` declarations so that the variables are not in scope or explicitly omit them:
  omit [LocallyCompactSpace G] [Γ.Normal] in theorem ...

Note: This linter can be disabled with `set_option linter.unusedSectionVars false`
⚠ [8024/8025] Replayed Gutoe.HaarFiberCollapse
warning: Gutoe/HaarFiberCollapse.lean:179:10: try 'simp' instead of 'simpa'

Note: This linter can be disabled with `set_option linter.unnecessarySimpa false`
⚠ [8025/8025] Replayed Gutoe.YangMillsGaugeScope
warning: Gutoe/YangMillsGaugeScope.lean:42:0: automatically included section variable(s) unused in theorem `Gutoe.YangMillsGaugeScope.finite_center_implies_countable_center`:
  [TopologicalSpace G]
  [MeasurableSpace G]
  [BorelSpace G]
  [IsTopologicalGroup G]
  [LocallyCompactSpace G]
  [PolishSpace G]
  [T2Space G]
consider restructuring your `variable` declarations so that the variables are not in scope or explicitly omit them:
  omit [TopologicalSpace
  G] [MeasurableSpace
  G] [BorelSpace G] [IsTopologicalGroup G] [LocallyCompactSpace G] [PolishSpace G] [T2Space G] in theorem ...

Note: This linter can be disabled with `set_option linter.unusedSectionVars false`
warning: Gutoe/YangMillsGaugeScope.lean:48:0: automatically included section variable(s) unused in theorem `Gutoe.YangMillsGaugeScope.compact_group_has_haar`:
  [PolishSpace G]
  [T2Space G]
consider restructuring your `variable` declarations so that the variables are not in scope or explicitly omit them:
  omit [PolishSpace G] [T2Space G] in theorem ...

Note: This linter can be disabled with `set_option linter.unusedSectionVars false`
Build completed successfully (8025 jobs).
>>> lake build Gutoe
⚠ [8052/8087] Replayed Gutoe.EinsteinFromLattice
warning: Gutoe/EinsteinFromLattice.lean:94:39: try 'simp' instead of 'simpa'

Note: This linter can be disabled with `set_option linter.unnecessarySimpa false`
warning: Gutoe/EinsteinFromLattice.lean:506:2: try 'simp' instead of 'simpa'

Note: This linter can be disabled with `set_option linter.unnecessarySimpa false`
warning: Gutoe/EinsteinFromLattice.lean:774:10: try 'simp' instead of 'simpa'

Note: This linter can be disabled with `set_option linter.unnecessarySimpa false`
warning: Gutoe/EinsteinFromLattice.lean:862:10: try 'simp' instead of 'simpa'

Note: This linter can be disabled with `set_option linter.unnecessarySimpa false`
⚠ [8056/8087] Replayed Gutoe.KerrReferenceFrame
warning: Gutoe/KerrReferenceFrame.lean:108:5: unused variable `rObs`

Note: This linter can be disabled with `set_option linter.unusedVariables false`
⚠ [8061/8087] Replayed Gutoe.StrongCPPathIntegral
warning: Gutoe/StrongCPPathIntegral.lean:50:12: try 'simp' instead of 'simpa'

Note: This linter can be disabled with `set_option linter.unnecessarySimpa false`
warning: Gutoe/StrongCPPathIntegral.lean:50:29: try 'simp' instead of 'simpa'

Note: This linter can be disabled with `set_option linter.unnecessarySimpa false`
⚠ [8063/8087] Replayed Gutoe.StrongCPEmergence
warning: Gutoe/StrongCPEmergence.lean:255:4: try 'simp' instead of 'simpa'

Note: This linter can be disabled with `set_option linter.unnecessarySimpa false`
⚠ [8075/8087] Replayed Gutoe.YangMillsStructuralGap
warning: Gutoe/YangMillsStructuralGap.lean:506:6: try 'simp' instead of 'simpa'

Note: This linter can be disabled with `set_option linter.unnecessarySimpa false`
⚠ [8078/8087] Replayed Gutoe.YangMillsWilsonBridge
warning: Gutoe/YangMillsWilsonBridge.lean:68:6: try 'simp' instead of 'simpa'

Note: This linter can be disabled with `set_option linter.unnecessarySimpa false`
warning: Gutoe/YangMillsWilsonBridge.lean:113:4: try 'simp' instead of 'simpa'

Note: This linter can be disabled with `set_option linter.unnecessarySimpa false`
warning: Gutoe/YangMillsWilsonBridge.lean:186:6: try 'simp' instead of 'simpa'

Note: This linter can be disabled with `set_option linter.unnecessarySimpa false`
warning: Gutoe/YangMillsWilsonBridge.lean:196:6: try 'simp' instead of 'simpa'

Note: This linter can be disabled with `set_option linter.unnecessarySimpa false`
warning: Gutoe/YangMillsWilsonBridge.lean:276:2: try 'simp' instead of 'simpa'

Note: This linter can be disabled with `set_option linter.unnecessarySimpa false`
warning: Gutoe/YangMillsWilsonBridge.lean:412:4: try 'simp' instead of 'simpa'

Note: This linter can be disabled with `set_option linter.unnecessarySimpa false`
warning: Gutoe/YangMillsWilsonBridge.lean:502:4: try 'simp' instead of 'simpa'

Note: This linter can be disabled with `set_option linter.unnecessarySimpa false`
⚠ [8079/8087] Replayed Gutoe.HaarBridgeScaffold
warning: Gutoe/HaarBridgeScaffold.lean:80:10: try 'simp' instead of 'simpa'

Note: This linter can be disabled with `set_option linter.unnecessarySimpa false`
⚠ [8080/8087] Replayed Gutoe.HaarMeasureHooks
warning: Gutoe/HaarMeasureHooks.lean:42:0: automatically included section variable(s) unused in theorem `Gutoe.HaarMeasureHooks.haar_measure_is_haar`:
  [LocallyCompactSpace G]
  [T2Space G]
consider restructuring your `variable` declarations so that the variables are not in scope or explicitly omit them:
  omit [LocallyCompactSpace G] [T2Space G] in theorem ...

Note: This linter can be disabled with `set_option linter.unusedSectionVars false`
warning: Gutoe/HaarMeasureHooks.lean:47:0: automatically included section variable(s) unused in theorem `Gutoe.HaarMeasureHooks.canonical_haar_is_haar`:
  [T2Space G]
consider restructuring your `variable` declarations so that the variables are not in scope or explicitly omit them:
  omit [T2Space G] in theorem ...

Note: This linter can be disabled with `set_option linter.unusedSectionVars false`
warning: Gutoe/HaarMeasureHooks.lean:55:0: automatically included section variable(s) unused in theorem `Gutoe.HaarMeasureHooks.left_invariant_measure_eq_smul_canonical_haar`:
  [T2Space G]
consider restructuring your `variable` declarations so that the variables are not in scope or explicitly omit them:
  omit [T2Space G] in theorem ...

Note: This linter can be disabled with `set_option linter.unusedSectionVars false`
warning: Gutoe/HaarMeasureHooks.lean:88:0: automatically included section variable(s) unused in theorem `Gutoe.HaarMeasureHooks.quotient_measure_unique_from_preimage`:
  [TopologicalSpace G]
  [BorelSpace G]
  [IsTopologicalGroup G]
  [LocallyCompactSpace G]
  [PolishSpace G]
  [Γ.Normal]
  [Countable ↥Γ]
  [T2Space (G ⧸ Γ)]
  [SecondCountableTopology (G ⧸ Γ)]
consider restructuring your `variable` declarations so that the variables are not in scope or explicitly omit them:
  omit [TopologicalSpace
  G] [BorelSpace
  G] [IsTopologicalGroup
  G] [LocallyCompactSpace
  G] [PolishSpace G] [Γ.Normal] [Countable ↥Γ] [T2Space (G ⧸ Γ)] [SecondCountableTopology (G ⧸ Γ)] in theorem ...

Note: This linter can be disabled with `set_option linter.unusedSectionVars false`
warning: Gutoe/HaarMeasureHooks.lean:107:0: automatically included section variable(s) unused in theorem `Gutoe.HaarMeasureHooks.integral_unfolding_over_quotient`:
  [LocallyCompactSpace G]
  [Γ.Normal]
consider restructuring your `variable` declarations so that the variables are not in scope or explicitly omit them:
  omit [LocallyCompactSpace G] [Γ.Normal] in theorem ...

Note: This linter can be disabled with `set_option linter.unusedSectionVars false`
⚠ [8082/8087] Replayed Gutoe.HaarFiberCollapse
warning: Gutoe/HaarFiberCollapse.lean:179:10: try 'simp' instead of 'simpa'

Note: This linter can be disabled with `set_option linter.unnecessarySimpa false`
⚠ [8084/8087] Replayed Gutoe.YangMillsGaugeScope
warning: Gutoe/YangMillsGaugeScope.lean:42:0: automatically included section variable(s) unused in theorem `Gutoe.YangMillsGaugeScope.finite_center_implies_countable_center`:
  [TopologicalSpace G]
  [MeasurableSpace G]
  [BorelSpace G]
  [IsTopologicalGroup G]
  [LocallyCompactSpace G]
  [PolishSpace G]
  [T2Space G]
consider restructuring your `variable` declarations so that the variables are not in scope or explicitly omit them:
  omit [TopologicalSpace
  G] [MeasurableSpace
  G] [BorelSpace G] [IsTopologicalGroup G] [LocallyCompactSpace G] [PolishSpace G] [T2Space G] in theorem ...

Note: This linter can be disabled with `set_option linter.unusedSectionVars false`
warning: Gutoe/YangMillsGaugeScope.lean:48:0: automatically included section variable(s) unused in theorem `Gutoe.YangMillsGaugeScope.compact_group_has_haar`:
  [PolishSpace G]
  [T2Space G]
consider restructuring your `variable` declarations so that the variables are not in scope or explicitly omit them:
  omit [PolishSpace G] [T2Space G] in theorem ...

Note: This linter can be disabled with `set_option linter.unusedSectionVars false`
⚠ [8085/8087] Replayed Gutoe.YangMillsFullStateLift
warning: Gutoe/YangMillsFullStateLift.lean:84:0: automatically included section variable(s) unused in theorem `Gutoe.YangMillsFullStateLift.liftDiagonalOperator_diag`:
  [Fintype F]
consider restructuring your `variable` declarations so that the variables are not in scope or explicitly omit them:
  omit [Fintype F] in theorem ...

Note: This linter can be disabled with `set_option linter.unusedSectionVars false`
warning: Gutoe/YangMillsFullStateLift.lean:90:0: automatically included section variable(s) unused in theorem `Gutoe.YangMillsFullStateLift.liftDiagonalOperator_offdiag`:
  [Fintype F]
consider restructuring your `variable` declarations so that the variables are not in scope or explicitly omit them:
  omit [Fintype F] in theorem ...

Note: This linter can be disabled with `set_option linter.unusedSectionVars false`
warning: Gutoe/YangMillsFullStateLift.lean:100:2: try 'simp' instead of 'simpa'

Note: This linter can be disabled with `set_option linter.unnecessarySimpa false`
warning: Gutoe/YangMillsFullStateLift.lean:96:0: automatically included section variable(s) unused in theorem `Gutoe.YangMillsFullStateLift.liftObservable_fiber_constant`:
  [Fintype F]
  [DecidableEq F]
consider restructuring your `variable` declarations so that the variables are not in scope or explicitly omit them:
  omit [Fintype F] [DecidableEq F] in theorem ...

Note: This linter can be disabled with `set_option linter.unusedSectionVars false`
warning: Gutoe/YangMillsFullStateLift.lean:143:52: try 'simp' instead of 'simpa'

Note: This linter can be disabled with `set_option linter.unnecessarySimpa false`
warning: Gutoe/YangMillsFullStateLift.lean:178:52: try 'simp' instead of 'simpa'

Note: This linter can be disabled with `set_option linter.unnecessarySimpa false`
warning: Gutoe/YangMillsFullStateLift.lean:640:47: try 'simp' instead of 'simpa'

Note: This linter can be disabled with `set_option linter.unnecessarySimpa false`
warning: Gutoe/YangMillsFullStateLift.lean:759:49: try 'simp' instead of 'simpa'

Note: This linter can be disabled with `set_option linter.unnecessarySimpa false`
Build completed successfully (8087 jobs).

[2/2] Theorem presence checks
OK: lean/Gutoe/YangMillsStructuralGap.lean :: 407:theorem doeblin_decomposition
OK: lean/Gutoe/YangMillsMassGap.lean :: 114:theorem mass_gap_positive_of_doeblin_mode
OK: lean/Gutoe/YangMillsContinuumSurvival.lean :: 279:theorem continuum_survival_gap_nonvanishing_of_z3_nn_schedule
OK: lean/Gutoe/HaarFiberCollapse.lean :: 224:theorem normalized_expectation_reduce_to_center_of_quotient_normalization
OK: lean/Gutoe/YangMillsWilsonBridge.lean :: 452:theorem c1_z3_to_su3_structural_construction :
OK: lean/Gutoe/YangMillsWilsonBridge.lean :: 544:theorem c2_counts_center_action_bijective
OK: lean/Gutoe/YangMillsWilsonBridge.lean :: 622:theorem c3_wilson_gap_nonvanishing_from_clifford_z3
OK: lean/Gutoe/YangMillsWilsonEquivalence.lean :: 151:theorem theorem_c_wilson_equivalence_domain_limits
OK: lean/Gutoe/YangMillsFullStateLift.lean :: 913:theorem full_gap_positive_all_steps_of_wilson_center_schedule
OK: lean/Gutoe/YangMillsConstructiveQFT.lean :: 232:theorem constructive_lane_gap_closure_of_wilson_equivalence_domain
OK: lean/Gutoe/YangMillsGaugeScope.lean :: 160:theorem compact_simple_scope_supports_full_path2
